  0.00000E+00  -6.1666463031165329E-10  -2.4089521348284643E-10  -1.1531036872784698E-08   1.2925779012552453E-10
  3.65252E+03  -6.1666462975270863E-10  -2.4089521348286633E-10  -1.1531036872785175E-08   1.2925779012554255E-10
  7.30500E+03  -6.1666462998791899E-10  -2.4089521348284679E-10  -1.1531036872785660E-08   1.2925779012555392E-10
  1.09575E+04  -6.1666462995919701E-10  -2.4089521348286659E-10  -1.1531036872786253E-08   1.2925779012556618E-10
  1.46100E+04  -6.1666462920785273E-10  -2.4089521348286271E-10  -1.1531036872785203E-08   1.2925779012556289E-10
  1.82625E+04  -6.1666462996199784E-10  -2.4089521348288293E-10  -1.1531036872785436E-08   1.2925779012556664E-10
  2.19150E+04  -6.1666462995008375E-10  -2.4089521348288272E-10  -1.1531036872785402E-08   1.2925779012557636E-10
  2.55675E+04  -6.1666463045862571E-10  -2.4089521348288991E-10  -1.1531036872785453E-08   1.2925779012557073E-10
  2.92200E+04  -6.1666462994708688E-10  -2.4089521348288060E-10  -1.1531036872785251E-08   1.2925779012558422E-10
  3.28725E+04  -6.1666462997269122E-10  -2.4089521348287998E-10  -1.1531036872784731E-08   1.2925779012557486E-10
  3.65250E+04  -6.1666462965464420E-10  -2.4089521348287280E-10  -1.1531036872784490E-08   1.2925779012558006E-10
  4.01775E+04  -6.1666463023331991E-10  -2.4089521348287548E-10  -1.1531036872785360E-08   1.2925779012556096E-10
  4.38300E+04  -6.1666462997945156E-10  -2.4089521348288241E-10  -1.1531036872785023E-08   1.2925779012555305E-10
  4.74825E+04  -6.1666462990042386E-10  -2.4089521348289399E-10  -1.1531036872785572E-08   1.2925779012554617E-10
  5.11350E+04  -6.1666462999909089E-10  -2.4089521348289601E-10  -1.1531036872785440E-08   1.2925779012554325E-10
  5.47875E+04  -6.1666462897826833E-10  -2.4089521348290593E-10  -1.1531036872785744E-08   1.2925779012555038E-10
  5.84400E+04  -6.1666462994130292E-10  -2.4089521348290257E-10  -1.1531036872786067E-08   1.2925779012554741E-10
  6.20925E+04  -6.1666462994227268E-10  -2.4089521348289260E-10  -1.1531036872785390E-08   1.2925779012556008E-10
  6.57450E+04  -6.1666462915980387E-10  -2.4089521348289223E-10  -1.1531036872785152E-08   1.2925779012554917E-10
  6.93975E+04  -6.1666463007104816E-10  -2.4089521348288577E-10  -1.1531036872784801E-08   1.2925779012556243E-10
  7.30500E+04  -6.1666462991785255E-10  -2.4089521348289260E-10  -1.1531036872784776E-08   1.2925779012557497E-10
  7.67025E+04  -6.1666462995089025E-10  -2.4089521348290723E-10  -1.1531036872784832E-08   1.2925779012555235E-10
  8.03550E+04  -6.1666463020852589E-10  -2.4089521348292806E-10  -1.1531036872785502E-08   1.2925779012553880E-10
  8.40075E+04  -6.1666462945456100E-10  -2.4089521348292589E-10  -1.1531036872785238E-08   1.2925779012554930E-10
  8.76600E+04  -6.1666462996081476E-10  -2.4089521348292496E-10  -1.1531036872785276E-08   1.2925779012555072E-10
  9.13125E+04  -6.1666462998014804E-10  -2.4089521348294269E-10  -1.1531036872785752E-08   1.2925779012555191E-10
  9.49650E+04  -6.1666463231409460E-10  -2.4089521348294466E-10  -1.1531036872785603E-08   1.2925779012555160E-10
  9.86175E+04  -6.1666462994150320E-10  -2.4089521348292956E-10  -1.1531036872784870E-08   1.2925779012555178E-10
  1.02270E+05  -6.1666462994612590E-10  -2.4089521348292765E-10  -1.1531036872784133E-08   1.2925779012556147E-10
  1.05923E+05  -6.1666462947699041E-10  -2.4089521348292077E-10  -1.1531036872784187E-08   1.2925779012557047E-10
  1.09575E+05  -6.1666462994760510E-10  -2.4089521348291183E-10  -1.1531036872783755E-08   1.2925779012556587E-10
  1.13228E+05  -6.1666462997023863E-10  -2.4089521348291576E-10  -1.1531036872783640E-08   1.2925779012555563E-10
  1.16880E+05  -6.1666462982423050E-10  -2.4089521348290717E-10  -1.1531036872783774E-08   1.2925779012555467E-10
  1.20533E+05  -6.1666463029664224E-10  -2.4089521348290671E-10  -1.1531036872783430E-08   1.2925779012554790E-10
  1.24185E+05  -6.1666462947352556E-10  -2.4089521348291591E-10  -1.1531036872783329E-08   1.2925779012554723E-10
  1.27838E+05  -6.1666462997002128E-10  -2.4089521348290469E-10  -1.1531036872782200E-08   1.2925779012553588E-10
  1.31490E+05  -6.1666462995576431E-10  -2.4089521348292615E-10  -1.1531036872782068E-08   1.2925779012553599E-10
  1.35143E+05  -6.1666463065487720E-10  -2.4089521348292222E-10  -1.1531036872781492E-08   1.2925779012554170E-10
  1.38795E+05  -6.1666462998189877E-10  -2.4089521348291876E-10  -1.1531036872781535E-08   1.2925779012555736E-10
  1.42448E+05  -6.1666462994286112E-10  -2.4089521348292589E-10  -1.1531036872781769E-08   1.2925779012557217E-10
  1.46100E+05  -6.1666462980804764E-10  -2.4089521348292579E-10  -1.1531036872781644E-08   1.2925779012557923E-10
  1.49753E+05  -6.1666463012233563E-10  -2.4089521348291560E-10  -1.1531036872781995E-08   1.2925779012558334E-10
  1.53405E+05  -6.1666462990179708E-10  -2.4089521348290169E-10  -1.1531036872781039E-08   1.2925779012558554E-10
  1.57058E+05  -6.1666462997315237E-10  -2.4089521348290169E-10  -1.1531036872781343E-08   1.2925779012558207E-10
  1.60710E+05  -6.1666463027506482E-10  -2.4089521348288081E-10  -1.1531036872780731E-08   1.2925779012556305E-10
  1.64363E+05  -6.1666462976777335E-10  -2.4089521348288681E-10  -1.1531036872780281E-08   1.2925779012557675E-10
  1.68015E+05  -6.1666462993535270E-10  -2.4089521348287941E-10  -1.1531036872780870E-08   1.2925779012558016E-10
  1.71668E+05  -6.1666462996483135E-10  -2.4089521348287884E-10  -1.1531036872781208E-08   1.2925779012558024E-10
  1.75320E+05  -6.1666463090293274E-10  -2.4089521348289270E-10  -1.1531036872780945E-08   1.2925779012557967E-10
  1.78973E+05  -6.1666462994061305E-10  -2.4089521348291493E-10  -1.1531036872781199E-08   1.2925779012557623E-10
  1.82625E+05  -6.1666462997563195E-10  -2.4089521348289518E-10  -1.1531036872780169E-08   1.2925779012557029E-10
  1.86278E+05  -6.1666462968255638E-10  -2.4089521348290676E-10  -1.1531036872780582E-08   1.2925779012557269E-10
  1.89930E+05  -6.1666463023575533E-10  -2.4089521348290392E-10  -1.1531036872780010E-08   1.2925779012555620E-10
  1.93583E+05  -6.1666462992297291E-10  -2.4089521348289420E-10  -1.1531036872779322E-08   1.2925779012555734E-10
  1.97235E+05  -6.1666463000562800E-10  -2.4089521348289084E-10  -1.1531036872778880E-08   1.2925779012555266E-10
  2.00888E+05  -6.1666462996391649E-10  -2.4089521348288520E-10  -1.1531036872778859E-08   1.2925779012552234E-10
  2.04540E+05  -6.1666463004080044E-10  -2.4089521348289017E-10  -1.1531036872779141E-08   1.2925779012554260E-10
  2.08193E+05  -6.1666462996541678E-10  -2.4089521348290438E-10  -1.1531036872778635E-08   1.2925779012553578E-10
  2.11845E+05  -6.1666462994739252E-10  -2.4089521348289890E-10  -1.1531036872778217E-08   1.2925779012552471E-10
  2.15498E+05  -6.1666462892202346E-10  -2.4089521348286716E-10  -1.1531036872777638E-08   1.2925779012549809E-10
  2.19150E+05  -6.1666462997748204E-10  -2.4089521348288603E-10  -1.1531036872777960E-08   1.2925779012550603E-10
  2.22803E+05  -6.1666462995554997E-10  -2.4089521348288706E-10  -1.1531036872777851E-08   1.2925779012551267E-10
